// Jest Snapshot v1, https://goo.gl/fbAQLP

exports[`ContactUs component should render correctly 1`] = `ShallowWrapper {}`;
