// Jest Snapshot v1, https://goo.gl/fbAQLP

exports[`HomePage should render the page without crashing 1`] = `ShallowWrapper {}`;
